---
source: core/src/ast/methods.rs
expression: "Method::from_syn(&syn::parse_quote! {\n                      fn foo(& self, x : u64, y : MyCustomStruct) {}\n                  },\n                 &Path::empty().sub_path(\"MyStructContainingMethod\".to_string()))"

---
name: foo
doc_lines: ""
full_path_name: MyStructContainingMethod_foo
self_param:
  name: self
  ty:
    Reference:
      - Named:
          elements:
            - MyStructContainingMethod
      - false
      - Named
params:
  - name: x
    ty:
      Primitive: u64
  - name: y
    ty:
      Named:
        elements:
          - MyCustomStruct
return_type: ~

