---
source: core/src/ast/methods.rs
expression: "Method::from_syn(&syn::parse_quote! {\n                #[diplomat :: rust_link(foo :: Bar :: batz, FnInStruct)] fn\n                foo(& mut self, x : u64, y : MyCustomStruct) -> u64 { x }\n            },\n    &Path::empty().sub_path(\"MyStructContainingMethod\".to_string()))"
---
name: foo
docs:
  - ""
  - path:
      elements:
        - foo
        - Bar
        - batz
    typ: FnInStruct
full_path_name: MyStructContainingMethod_foo
self_param:
  name: self
  ty:
    Reference:
      - Named:
          path:
            elements:
              - MyStructContainingMethod
      - true
      - Anonymous
params:
  - name: x
    ty:
      Primitive: u64
  - name: y
    ty:
      Named:
        path:
          elements:
            - MyCustomStruct
return_type:
  Primitive: u64
introduced_lifetimes: []

