---
source: core/src/ast/validity.rs
expression: output
---
An Option was found in an unsupported location: Option<u8>
An Option was found in an unsupported location: Option<Option<u16>>
An Option was found in an unsupported location: Option<char>
A Result was found in an unsupported location: Result<Option<char>, u8>
An Option was found in an unsupported location: Option<u16>

