---
source: core/src/ast/structs.rs
expression: "Struct::from(&syn::parse_quote! {\n                  /// Some docs.\n                  struct MyLocalStruct { a : i32, b : Box < MyLocalStruct > }\n              })"
---
name: MyLocalStruct
doc_lines: Some docs.
rust_link: ~
fields:
  - - a
    - Primitive: i32
    - ""
  - - b
    - Box:
        Named:
          elements:
            - MyLocalStruct
    - ""
methods: []

