---
source: tool/src/cpp/mod.rs
expression: out_texts.get(out).unwrap()

---
#ifndef Foo_HPP
#define Foo_HPP
#include <stdint.h>
#include <stddef.h>
#include <stdbool.h>
#include <algorithm>
#include <memory>
#include <optional>
#include <variant>
#include "diplomat_runtime.hpp"

namespace capi {
#include "Foo.h"
}

#include "Bar.hpp"

struct FooDeleter {
  void operator()(capi::Foo* l) const noexcept {
    capi::Foo_destroy(l);
  }
};
struct Foo {
 public:
  Bar x;
};


#endif

