---
source: tool/src/cpp/conversions.rs
expression: out_texts.get(out).unwrap()

---
#ifndef MyStruct_HPP
#define MyStruct_HPP
#include <stdint.h>
#include <stddef.h>
#include <stdbool.h>
#include <algorithm>
#include <memory>
#include <optional>
#include <variant>
#include "diplomat_runtime.hpp"

namespace capi {
#include "MyStruct.h"
}

#include "MyEnum.hpp"

struct MyStructDeleter {
  void operator()(capi::MyStruct* l) const noexcept {
    capi::MyStruct_destroy(l);
  }
};
struct MyStruct {
 public:
  uint8_t a;
  MyEnum b;
};


#endif

