---
source: tool/src/cpp/types.rs
expression: out_texts.get(out).unwrap()

---
#ifndef MyStruct_HPP
#define MyStruct_HPP
#include <stdint.h>
#include <stddef.h>
#include <stdbool.h>
#include <algorithm>
#include <memory>
#include <optional>
#include <span>
#include <variant>
#include "diplomat_runtime.hpp"

namespace capi {
#include "MyStruct.h"
}

class MyOpaqueStruct;

/**
 * A destruction policy for using MyStruct with std::unique_ptr.
 */
struct MyStructDeleter {
  void operator()(capi::MyStruct* l) const noexcept {
    capi::MyStruct_destroy(l);
  }
};
struct MyStruct {
 public:
  std::optional<MyOpaqueStruct> a;
};


#endif

