---
source: tool/src/cpp/mod.rs
expression: out_texts.get(out).unwrap()

---
#ifndef Bar_HPP
#define Bar_HPP
#include <stdint.h>
#include <stddef.h>
#include <stdbool.h>
#include <algorithm>
#include <memory>
#include <variant>
#include <optional>
#include "diplomat_runtime.hpp"

namespace capi {
#include "Bar.h"
}

struct Foo;

/**
 * A destruction policy for using Bar with std::unique_ptr.
 */
struct BarDeleter {
  void operator()(capi::Bar* l) const noexcept {
    capi::Bar_destroy(l);
  }
};
struct Bar {
 public:
  Foo* y;
};


#endif

