---
source: core/src/hir/elision.rs
expression: lt_to_borrowing_fields
---
{
    Static: [
        "this.name",
        "_s",
    ],
    NonStatic(
        Lifetime(
            0,
            PhantomData<diplomat_core::hir::lifetimes::Method>,
        ),
    ): [
        "this.p_data",
    ],
    NonStatic(
        Lifetime(
            1,
            PhantomData<diplomat_core::hir::lifetimes::Method>,
        ),
    ): [
        "this.q_data",
        "this.inner.more_data",
    ],
}
