---
source: core/src/hir/type_context.rs
expression: output
---
Lowering error: Opaque::use_foo should explicitly include this lifetime bound from param foo: 'y: 'x (comes from source type's 'b: 'a)
Lowering error: Opaque::use_foo should explicitly include this lifetime bound from param foo: 'z: 'y (comes from source type's 'c: 'b)
Lowering error: Opaque::return_foo should explicitly include this lifetime bound from param return type: 'y: 'x (comes from source type's 'b: 'a)
Lowering error: Opaque::return_foo should explicitly include this lifetime bound from param return type: 'z: 'y (comes from source type's 'c: 'b)
Lowering error: Opaque::return_result_foo should explicitly include this lifetime bound from param return type: 'y: 'x (comes from source type's 'b: 'a)
Lowering error: Opaque::return_result_foo should explicitly include this lifetime bound from param return type: 'z: 'y (comes from source type's 'c: 'b)

