---
source: core/src/hir/type_context.rs
expression: output
---
Lowering error in Crimes: Diplomat error: Found FFI-unsafe type &'a str in struct field Crimes.slice1
> Consider using DiplomatUtf8Str<'a>

Lowering error in Crimes: Diplomat error: Found FFI-unsafe type &'a DiplomatStr in struct field Crimes.slice1
> Consider using DiplomatStrSlice<'a>

Lowering error in Crimes: Diplomat error: Found FFI-unsafe type &'a [u8] in struct field Crimes.slice2
> Consider using DiplomatSlice<'a,u8>

Lowering error in Crimes: Diplomat error: Found FFI-unsafe type Box<str> in struct field Crimes.slice3
> Consider using DiplomatOwnedUtf8Str

Lowering error in Crimes: Owned slices are not supported in this backend.
Lowering error in Crimes: Diplomat error: Found FFI-unsafe type Box<DiplomatStr> in struct field Crimes.slice3
> Consider using DiplomatOwnedStrSlice

Lowering error in Crimes: Owned slices are not supported in this backend.
Lowering error in Crimes: Diplomat error: Found FFI-unsafe type Box<[u8]> in struct field Crimes.slice4
> Consider using Box<[u8]>

Lowering error in Crimes: Owned slices are not supported in this backend.
