---
source: tool/src/kotlin/mod.rs
expression: result
---
package dev.diplomattest.somelib

import com.sun.jna.Callback
import com.sun.jna.Library
import com.sun.jna.Native
import com.sun.jna.Pointer
import com.sun.jna.Structure

internal interface OwndingStructLib: Library {
}

internal class OwndingStructNative: Structure(), Structure.ByValue {
    @JvmField
    internal var a: OwnedStructNative = OwnedStructNative();
    @JvmField
    internal var b: OwnedStructNative = OwnedStructNative();
  
    // Define the fields of the struct
    override fun getFieldOrder(): List<String> {
        return listOf("a", "b")
    }
}

class OwndingStruct internal constructor (
    internal val nativeStruct: OwndingStructNative) {
    val a: OwnedStruct = OwnedStruct(nativeStruct.a)
    val b: OwnedStruct = OwnedStruct(nativeStruct.b)

    companion object {
        internal val libClass: Class<OwndingStructLib> = OwndingStructLib::class.java
        internal val lib: OwndingStructLib = Native.load("somelib", libClass)
        val NATIVESIZE: Long = Native.getNativeSize(OwndingStructNative::class.java).toLong()
    }

}
