---
source: tool/src/js/conversions.rs
expression: out_texts.get(out).unwrap()
---
import wasm from "./diplomat-wasm.mjs"
import * as diplomatRuntime from "./diplomat-runtime.mjs"
import { Scalar } from "./Scalar.mjs"

export class Point {
  constructor(underlying, edges_x, edges_y) {
    this.x = new Scalar(diplomatRuntime.ptrRead(wasm, underlying), false, [...edges_x]);
    this.y = new Scalar(diplomatRuntime.ptrRead(wasm, underlying + 4), false, [...edges_y]);
  }

  get_x() {
    const field_x_this = this["x"];
    const field_y_this = this["y"];
    return new Scalar(wasm.Point_get_x(field_x_this.underlying, field_y_this.underlying), false, [field_x_this]);
  }
}

