---
source: tool/src/js/types.rs
expression: out_texts.get(out).unwrap()
---
import wasm from "./diplomat-wasm.mjs"
import * as diplomatRuntime from "./diplomat-runtime.mjs"
import { MyOpaqueStruct } from "./MyOpaqueStruct.mjs"

export class MyStruct {
  constructor(underlying, edges_a) {
    this.a = new MyOpaqueStruct(diplomatRuntime.ptrRead(wasm, underlying), false, [...edges_a]);
    this.b = (new Uint8Array(wasm.memory.buffer, underlying + 4, 1))[0];
  }

  static new(arg_foo, arg_bar) {
    return (() => {
      const diplomat_receive_buffer = wasm.diplomat_alloc(5, 4);
      wasm.MyStruct_new(diplomat_receive_buffer, arg_foo.underlying, arg_bar.underlying);
      const out = new MyStruct(diplomat_receive_buffer, [arg_foo, arg_bar]);
      wasm.diplomat_free(diplomat_receive_buffer, 5, 4);
      return out;
    })();
  }
}

