---
source: tool/src/js/types.rs
expression: out_texts.get(out).unwrap()
---
import wasm from "./diplomat-wasm.mjs"
import * as diplomatRuntime from "./diplomat-runtime.mjs"

export class MyStruct {
  constructor(underlying) {
    this.a = (new Uint8Array(wasm.memory.buffer, underlying, 1))[0];
    this.b = (new Uint8Array(wasm.memory.buffer, underlying + 1, 1))[0];
  }

  write() {
    const field_a_this = this["a"];
    const field_b_this = this["b"];
    return diplomatRuntime.withWriteable(wasm, (writeable) => {
      return wasm.MyStruct_write(field_a_this, field_b_this, writeable);
    });
  }
}

