---
source: tool/src/js/conversions.rs
expression: out_docs.get(out).unwrap()
---
``ffi``
=======

.. js:class:: Point

    .. js:attribute:: x

    .. js:attribute:: y

    .. js:method:: get_x()

.. js:class:: PointTranspose

    .. js:attribute:: point

    .. js:attribute:: transpose

    .. js:function:: new(u, v)

    .. js:method:: transpose()

    .. js:method:: point()

.. js:class:: Scalar

