---
source: tool/src/js/structs.rs
expression: out_texts.get(out).unwrap()
---
import wasm from "./diplomat-wasm.mjs"
import * as diplomatRuntime from "./diplomat-runtime.mjs"

const MyStruct_box_destroy_registry = new FinalizationRegistry(underlying => {
  wasm.MyStruct_destroy(underlying);
});

export class MyStruct {
  #lifetimeEdges = [];
  constructor(underlying, owned, edges) {
    this.underlying = underlying;
    this.#lifetimeEdges.push(...edges);
    if (owned) {
      MyStruct_box_destroy_registry.register(this, underlying);
    }
  }

  static new(arg_a, arg_b) {
    return new MyStruct(wasm.MyStruct_new(arg_a, arg_b), true, []);
  }

  get_a() {
    return wasm.MyStruct_get_a(this.underlying);
  }

  set_b(arg_b) {
    wasm.MyStruct_set_b(this.underlying, arg_b);
  }
}

