---
source: tool/src/js/types.rs
expression: out_texts.get(out).unwrap()
---
import wasm from "./diplomat-wasm.mjs"
import * as diplomatRuntime from "./diplomat-runtime.mjs"

export class MyStruct {
  constructor(underlying) {
    this.a = (new Uint8Array(wasm.memory.buffer, underlying, 1))[0];
    this.b = (new Uint8Array(wasm.memory.buffer, underlying + 1, 1))[0];
  }

  static new(arg_v) {
    const buf_arg_v = diplomatRuntime.DiplomatBuf.str8(wasm, arg_v);
    const diplomat_out = (() => {
      const diplomat_receive_buffer = wasm.diplomat_alloc(2, 1);
      wasm.MyStruct_new(diplomat_receive_buffer, buf_arg_v.ptr, buf_arg_v.size);
      const out = new MyStruct(diplomat_receive_buffer);
      wasm.diplomat_free(diplomat_receive_buffer, 2, 1);
      return out;
    })();
    buf_arg_v.free();
    return diplomat_out;
  }
}

