---
source: tool/src/js/structs.rs
expression: out_docs.get(out).unwrap()
---
``ffi``
=======

.. js:class:: MyStruct

    Use this.

    See the `Rust documentation for Batz <https://docs.rs/foo/latest/foo/bar/struct.Batz.html>`__ for more information.


    .. js:function:: new_str(v)

    .. js:method:: set_str(new_str)

