---
source: tool/src/js/structs.rs
expression: out_texts.get(out).unwrap()
---
import wasm from "./diplomat-wasm.mjs"
import * as diplomatRuntime from "./diplomat-runtime.mjs"

export class NonOpaqueStruct {
  constructor(underlying) {
    this.a = (new Uint16Array(wasm.memory.buffer, underlying, 1))[0];
    this.b = (new Uint8Array(wasm.memory.buffer, underlying + 2, 1))[0];
    this.c = (new Uint32Array(wasm.memory.buffer, underlying + 4, 1))[0];
  }
}

