---
source: tool/src/js/structs.rs
expression: out_texts.get(out).unwrap()
---
import wasm from "./diplomat-wasm.mjs"
import * as diplomatRuntime from "./diplomat-runtime.mjs"

export class MyStruct {
  constructor(underlying) {
    this.a = (new Uint8Array(wasm.memory.buffer, underlying, 1))[0];
    this.b = (new Uint8Array(wasm.memory.buffer, underlying + 1, 1))[0];
  }

  static new(arg_a, arg_b) {
    return (() => {
      const diplomat_receive_buffer = wasm.diplomat_alloc(2, 1);
      wasm.MyStruct_new(diplomat_receive_buffer, arg_a, arg_b);
      const out = new MyStruct(diplomat_receive_buffer);
      wasm.diplomat_free(diplomat_receive_buffer, 2, 1);
      return out;
    })();
  }

  get_a() {
    return wasm.MyStruct_get_a(this.underlying);
  }

  set_b(arg_b) {
    wasm.MyStruct_set_b(this.underlying, arg_b);
  }
}

