---
source: tool/src/js/types.rs
expression: out_texts.get(out).unwrap()
---
import wasm from "./wasm.mjs"
import * as diplomatRuntime from "./diplomat-runtime.mjs"
const diplomat_alloc_destroy_registry = new FinalizationRegistry(obj => {
  wasm.diplomat_free(obj["ptr"], obj["size"], obj["align"]);
});

export class MyStruct {
  constructor(underlying) {
    this.a = (new Uint8Array(wasm.memory.buffer, underlying + 0, 1))[0];
    this.b = (new Uint8Array(wasm.memory.buffer, underlying + 1, 1))[0];
  }

  something() {
    const diplomat_MyStruct_extracted_a = this["a"];
    const diplomat_MyStruct_extracted_b = this["b"];
    const diplomat_out = wasm.MyStruct_something(diplomat_MyStruct_extracted_a, diplomat_MyStruct_extracted_b);
    return diplomat_out;
  }
}

