---
source: tool/src/js/structs.rs
expression: out_texts.get(out).unwrap()
---
import { u8 } from "./diplomat-runtime"
import { FFIError } from "./diplomat-runtime"

export class MyStruct {

  write(): string;

  write_unit(): string;

  write_result(): string | never;

  write_option(): string | undefined;
}
