---
source: tool/src/js/conversions.rs
expression: out_texts.get(out).unwrap()
---
import wasm from "./diplomat-wasm.mjs"
import * as diplomatRuntime from "./diplomat-runtime.mjs"

const BorrowingOpaque_box_destroy_registry = new FinalizationRegistry(underlying => {
  wasm.BorrowingOpaque_destroy(underlying);
});

export class BorrowingOpaque {
  #lifetimeEdges = [];
  constructor(underlying, owned, edges) {
    this.underlying = underlying;
    this.#lifetimeEdges.push(...edges);
    if (owned) {
      BorrowingOpaque_box_destroy_registry.register(this, underlying);
    }
  }
}

