---
source: tool/src/js/structs.rs
expression: out_texts.get(out).unwrap()
---
import wasm from "./wasm.mjs"
import * as diplomatRuntime from "./diplomat-runtime.mjs"
const diplomat_alloc_destroy_registry = new FinalizationRegistry(obj => {
  wasm.diplomat_free(obj["ptr"], obj["size"], obj["align"]);
});

const MyStruct_box_destroy_registry = new FinalizationRegistry(underlying => {
  wasm.MyStruct_destroy(underlying);
});

export class MyStruct {
  constructor(underlying) {
    this.underlying = underlying;
  }

  static new_str(v) {
    let v_diplomat_str = diplomatRuntime.RcAlloc.str(v);
    const diplomat_out = (() => {
      const out = (() => {
        const out = new MyStruct(wasm.MyStruct_new_str(v_diplomat_str.ptr, v_diplomat_str.size));
        out.owner = null;
        return out;
      })();
      MyStruct_box_destroy_registry.register(out, out.underlying)
      return out;
    })();
    v_diplomat_str.free();
    return diplomat_out;
  }

  set_str(new_str) {
    let new_str_diplomat_str = diplomatRuntime.RcAlloc.str(new_str);
    const diplomat_out = wasm.MyStruct_set_str(this.underlying, new_str_diplomat_str.ptr, new_str_diplomat_str.size);
    new_str_diplomat_str.free();
  }
}

