---
source: tool/src/js/types.rs
expression: out_texts.get(out).unwrap()
---
import wasm from "../wasm.mjs"
import * as diplomatRuntime from "./diplomat-runtime.js"
import { MyOpaqueStruct } from "./MyOpaqueStruct.js"

export class MyStruct {
  constructor(underlying) {
    this.a = (() => {
      const option_ptr = diplomatRuntime.ptrRead(wasm, underlying);
      return (option_ptr == 0) ? null : new MyOpaqueStruct(option_ptr, true, []);
    })();
  }
}

