---
source: tool/src/js/conversions.rs
expression: out_texts.get(out).unwrap()
---
import wasm from "./diplomat-wasm.mjs"
import * as diplomatRuntime from "./diplomat-runtime.mjs"
import { Point } from "./Point.mjs"

export class Line {
  constructor(underlying) {
    this.start = new Point(underlying);
    this.end = new Point(underlying + 8);
  }

  do_stuff() {
    const field_start_this = this["start"];
    const field_x_field_start_this = field_start_this["x"];
    const field_y_field_start_this = field_start_this["y"];
    const field_end_this = this["end"];
    const field_x_field_end_this = field_end_this["x"];
    const field_y_field_end_this = field_end_this["y"];
    wasm.Line_do_stuff(field_x_field_start_this, field_y_field_start_this, field_x_field_end_this, field_y_field_end_this);
  }
}

